[36mvite v6.4.1 [32mbuilding for production...[36m[39m
transforming...
[32mΓ£ô[39m 1584 modules transformed.
rendering chunks...
computing gzip size...
[2mdist/[22m[32mindex.html                 [39m[1m[2m  0.94 kB[22m[1m[22m[2m Γöé gzip:  0.52 kB[22m
[2mdist/[22m[35massets/index-CAk_UveM.css  [39m[1m[2m 26.45 kB[22m[1m[22m[2m Γöé gzip:  5.35 kB[22m
[2mdist/[22m[36massets/index-BbMSvUGj.js   [39m[1m[2m178.45 kB[22m[1m[22m[2m Γöé gzip: 54.94 kB[22m
[32mΓ£ô built in 3.39s[39m
